\BOOKMARK [0][-]{chapter*.1}{\376\377\000D\000e\000d\000i\000c\000a\000t\000o\000r\000i\000a}{}% 1
\BOOKMARK [0][-]{chapter*.2}{\376\377\000G\000l\000o\000s\000a\000r\000i\000o}{}% 2
\BOOKMARK [0][-]{chapter*.3}{\376\377\000L\000i\000s\000t\000a\000\040\000d\000e\000\040\000A\000b\000r\000e\000v\000i\000a\000t\000u\000r\000a\000s\000\040\000y\000\040\000S\000i\000g\000l\000a\000s}{}% 3
\BOOKMARK [0][-]{chapter*.4}{\376\377\000R\000e\000s\000u\000m\000e\000n}{}% 4
\BOOKMARK [0][-]{chapter.1}{\376\377\000I\000n\000t\000r\000o\000d\000u\000c\000c\000i\000\363\000n}{}% 5
\BOOKMARK [0][-]{chapter.2}{\376\377\000P\000r\000e\000s\000e\000n\000t\000a\000c\000i\000\363\000n\000\040\000d\000e\000l\000\040\000G\000r\000u\000p\000o\000\040\000d\000e\000\040\000I\000n\000v\000e\000s\000t\000i\000g\000a\000c\000i\000\363\000n}{}% 6
\BOOKMARK [0][-]{chapter.3}{\376\377\000P\000l\000a\000n\000t\000e\000a\000m\000i\000e\000n\000t\000o\000\040\000d\000e\000l\000\040\000p\000r\000o\000b\000l\000e\000m\000a}{}% 7
\BOOKMARK [0][-]{chapter.4}{\376\377\000J\000u\000s\000t\000i\000f\000i\000c\000a\000c\000i\000\363\000n}{}% 8
\BOOKMARK [0][-]{chapter.5}{\376\377\000O\000b\000j\000e\000t\000i\000v\000o\000s}{}% 9
\BOOKMARK [1][-]{section.5.1}{\376\377\000O\000b\000j\000e\000t\000i\000v\000o\000\040\000G\000e\000n\000e\000r\000a\000l}{chapter.5}% 10
\BOOKMARK [1][-]{section.5.2}{\376\377\000O\000b\000j\000e\000t\000i\000v\000o\000s\000\040\000e\000s\000p\000e\000c\000\355\000f\000i\000c\000o\000s}{chapter.5}% 11
\BOOKMARK [0][-]{chapter.6}{\376\377\000M\000a\000r\000c\000o\000\040\000d\000e\000\040\000r\000e\000f\000e\000r\000e\000n\000c\000i\000a}{}% 12
\BOOKMARK [1][-]{section.6.1}{\376\377\000A\000n\000t\000e\000c\000e\000d\000e\000n\000t\000e\000s}{chapter.6}% 13
\BOOKMARK [2][-]{subsection.6.1.1}{\376\377\000D\000e\000s\000a\000r\000r\000o\000l\000l\000o\000s\000\040\000N\000a\000c\000i\000o\000n\000a\000l\000e\000s}{section.6.1}% 14
\BOOKMARK [2][-]{subsection.6.1.2}{\376\377\000D\000e\000s\000a\000r\000r\000o\000l\000l\000o\000s\000\040\000I\000n\000t\000e\000r\000n\000a\000c\000i\000o\000n\000a\000l\000e\000s}{section.6.1}% 15
\BOOKMARK [1][-]{section.6.2}{\376\377\000M\000a\000r\000c\000o\000\040\000t\000e\000\363\000r\000i\000c\000o}{chapter.6}% 16
\BOOKMARK [2][-]{subsection.6.2.1}{\376\377\000L\000a\000\040\000B\000i\000c\000i\000c\000l\000e\000t\000a}{section.6.2}% 17
\BOOKMARK [2][-]{subsection.6.2.2}{\376\377\000E\000s\000t\000i\000m\000a\000c\000i\000\363\000n\000\040\000d\000e\000\040\000O\000r\000i\000e\000n\000t\000a\000c\000i\000\363\000n\000\040\000m\000e\000d\000i\000a\000n\000t\000e\000\040\000F\000i\000l\000t\000r\000o\000s\000\040\000C\000o\000m\000p\000l\000e\000m\000e\000n\000t\000a\000r\000i\000o\000s}{section.6.2}% 18
\BOOKMARK [2][-]{subsection.6.2.3}{\376\377\000C\000o\000n\000t\000r\000o\000l\000a\000d\000o\000r\000\040\000P\000I\000D}{section.6.2}% 19
\BOOKMARK [2][-]{subsection.6.2.4}{\376\377\000M\000i\000c\000r\000o\000c\000o\000n\000t\000r\000o\000l\000a\000d\000o\000r\000\040\000E\000S\000P\0003\0002}{section.6.2}% 20
\BOOKMARK [1][-]{section.6.3}{\376\377\000M\000a\000r\000c\000o\000\040\000L\000e\000g\000a\000l}{chapter.6}% 21
\BOOKMARK [0][-]{chapter.7}{\376\377\000A\000c\000t\000i\000v\000i\000d\000a\000d\000e\000s\000\040\000r\000e\000a\000l\000i\000z\000a\000d\000a\000s\000\040\000d\000u\000r\000a\000n\000t\000e\000\040\000l\000a\000\040\000p\000a\000s\000a\000n\000t\000\355\000a}{}% 22
\BOOKMARK [1][-]{section.7.1}{\376\377\000O\000b\000t\000e\000n\000c\000i\000\363\000n\000\040\000d\000e\000\040\000c\000r\000i\000t\000e\000r\000i\000o\000s\000\040\000d\000e\000\040\000d\000i\000s\000e\000\361\000o}{chapter.7}% 23
\BOOKMARK [1][-]{section.7.2}{\376\377\000A\000n\000\341\000l\000i\000s\000i\000s\000\040\000d\000e\000l\000\040\000m\000o\000d\000e\000l\000o\000\040\000m\000a\000t\000e\000m\000\341\000t\000i\000c\000o\000\040\000d\000e\000l\000\040\000s\000i\000s\000t\000e\000m\000a\000\040\000y\000\040\000D\000i\000s\000e\000\361\000o\000\040\000t\000r\000i\000d\000i\000m\000e\000n\000s\000i\000o\000n\000a\000l\000\040\000\050\0003\000D\000\051}{chapter.7}% 24
\BOOKMARK [1][-]{section.7.3}{\376\377\000D\000i\000s\000e\000\361\000o\000\040\000y\000\040\000c\000o\000n\000s\000t\000r\000u\000c\000c\000i\000\363\000n\000\040\000d\000e\000l\000\040\000v\000o\000l\000a\000n\000t\000e\000\040\000d\000e\000\040\000i\000n\000e\000r\000c\000i\000a}{chapter.7}% 25
\BOOKMARK [1][-]{section.7.4}{\376\377\000M\000e\000c\000a\000n\000i\000z\000a\000d\000o\000\040\000y\000\040\000e\000n\000s\000a\000m\000b\000l\000e\000\040\000d\000e\000\040\000l\000a\000\040\000p\000l\000a\000n\000t\000a\000\040\000f\000\355\000s\000i\000c\000a}{chapter.7}% 26
\BOOKMARK [1][-]{section.7.5}{\376\377\000I\000m\000p\000l\000e\000m\000e\000n\000t\000a\000c\000i\000\363\000n\000\040\000d\000e\000l\000\040\000s\000i\000s\000t\000e\000m\000a\000\040\000d\000e\000\040\000c\000o\000m\000u\000n\000i\000c\000a\000c\000i\000\363\000n}{chapter.7}% 27
\BOOKMARK [1][-]{section.7.6}{\376\377\000I\000m\000p\000l\000e\000m\000e\000n\000t\000a\000c\000i\000\363\000n\000\040\000d\000e\000l\000\040\000s\000i\000s\000t\000e\000m\000a\000\040\000d\000e\000\040\000c\000o\000n\000t\000r\000o\000l}{chapter.7}% 28
\BOOKMARK [0][-]{chapter.8}{\376\377\000R\000e\000s\000u\000l\000t\000a\000d\000o\000s}{}% 29
\BOOKMARK [1][-]{section.8.1}{\376\377\000F\000a\000s\000e\000\040\0001\000:\000\040\000D\000i\000s\000e\000\361\000o\000\040\000y\000\040\000C\000o\000n\000s\000t\000r\000u\000c\000c\000i\000\363\000n\000\040\000M\000e\000c\000\341\000n\000i\000c\000a\000\040\000d\000e\000\040\000l\000a\000\040\000P\000l\000a\000n\000t\000a}{chapter.8}% 30
\BOOKMARK [1][-]{section.8.2}{\376\377\000F\000a\000s\000e\000\040\0002\000:\000\040\000D\000i\000s\000e\000\361\000o\000\040\000e\000\040\000I\000n\000t\000e\000g\000r\000a\000c\000i\000\363\000n\000\040\000d\000e\000l\000\040\000S\000i\000s\000t\000e\000m\000a\000\040\000E\000l\000e\000c\000t\000r\000\363\000n\000i\000c\000o}{chapter.8}% 31
\BOOKMARK [1][-]{section.8.3}{\376\377\000F\000a\000s\000e\000\040\0003\000:\000\040\000V\000a\000l\000i\000d\000a\000c\000i\000\363\000n\000\040\000m\000e\000d\000i\000a\000n\000t\000e\000\040\000S\000i\000m\000u\000l\000a\000c\000i\000\363\000n\000\040\000d\000e\000l\000\040\000M\000o\000d\000e\000l\000o\000\040\000D\000i\000n\000\341\000m\000i\000c\000o}{chapter.8}% 32
\BOOKMARK [1][-]{section.8.4}{\376\377\000F\000a\000s\000e\000\040\0004\000:\000\040\000V\000a\000l\000i\000d\000a\000c\000i\000\363\000n\000\040\000E\000x\000p\000e\000r\000i\000m\000e\000n\000t\000a\000l\000\040\000d\000e\000l\000\040\000S\000i\000s\000t\000e\000m\000a\000\040\000e\000n\000\040\000C\000o\000n\000d\000i\000c\000i\000o\000n\000e\000s\000\040\000R\000e\000a\000l\000e\000s}{chapter.8}% 33
\BOOKMARK [0][-]{chapter.9}{\376\377\000C\000o\000n\000c\000l\000u\000s\000i\000o\000n\000e\000s\000\040\000y\000\040\000R\000e\000c\000o\000m\000e\000n\000d\000a\000c\000i\000o\000n\000e\000s}{}% 34
\BOOKMARK [1][-]{section.9.1}{\376\377\000C\000o\000n\000c\000l\000u\000s\000i\000o\000n\000e\000s}{chapter.9}% 35
\BOOKMARK [0][-]{chapter.10}{\376\377\000R\000e\000f\000e\000r\000e\000n\000c\000i\000a\000s}{}% 36
\BOOKMARK [0][-]{chapter.11}{\376\377\000A\000n\000e\000x\000o\000s}{}% 37
\BOOKMARK [1][-]{section.11.1}{\376\377\000A\000n\000e\000x\000o\000\040\000A\000:\000\040\000C\000\363\000d\000i\000g\000o\000\040\000F\000u\000e\000n\000t\000e\000\040\000d\000e\000l\000\040\000S\000i\000s\000t\000e\000m\000a\000\040\000d\000e\000\040\000C\000o\000n\000t\000r\000o\000l}{chapter.11}% 38
